# returncode=0 timed_out=False elapsed=36.3926s
--- stdout ---
Loading features and splits...
loaded keys: ['fps', 'descs', 'desc_names']
loaded keys: ['train_idx', 'val_idx', 'test_idx']
Loading scaler...
Using device: cuda

--- Computing SHAP values for res_u0 ---
Calculating SHAP values for 500 test samples...
Top 10 features for res_u0:
Target           Feature  MeanAbsSHAP
res_u0     NumSpiroAtoms     0.026258
res_u0 NumRotatableBonds     0.024604
res_u0    BCUT2D_LOGPLOW     0.024215
res_u0               Ipc     0.020554
res_u0      BCUT2D_CHGLO     0.017851
res_u0         RingCount     0.013816
res_u0  FpDensityMorgan1     0.013735
res_u0      MorganFP_314     0.013146
res_u0          fr_ether     0.012332
res_u0        SlogP_VSA5     0.011780

--- Computing SHAP values for res_gap ---
Calculating SHAP values for 500 test samples...
Top 10 features for res_gap:
 Target           Feature  MeanAbsSHAP
res_gap       BCUT2D_MRHI     0.077574
res_gap          fr_ether     0.066210
res_gap         fr_ketone     0.053246
res_gap fr_ketone_Topliss     0.047848
res_gap        SlogP_VSA1     0.046175
res_gap         SMR_VSA10     0.042143
res_gap     NumAmideBonds     0.041978
res_gap          fr_amide     0.041695
res_gap        SlogP_VSA2     0.041523
res_gap          SMR_VSA6     0.040897

--- Computing SHAP values for res_mu ---
Calculating SHAP values for 500 test samples...
Top 10 features for res_mu:
Target           Feature  MeanAbsSHAP
res_mu      MorganFP_807     0.038340
res_mu    MaxEStateIndex     0.031578
res_mu MaxAbsEStateIndex     0.031506
res_mu      MorganFP_314     0.030065
res_mu     NumHAcceptors     0.029666
res_mu          fr_oxime     0.028917
res_mu      MorganFP_650     0.028463
res_mu        SlogP_VSA2     0.027997
res_mu          fr_Imine     0.026654
res_mu  MaxPartialCharge     0.026436

Saved SHAP values to data/shap_values.npz
saved data/shap_values.npz keys: ['res_u0', 'res_gap', 'res_mu']
Saved SHAP summary to data/shap_motif_summary.csv
saved data/shap_motif_summary.csv columns: ['Target', 'Feature', 'MeanAbsSHAP']

Overall Top 15 Features across all targets (by average MeanAbsSHAP):
          Feature  MeanAbsSHAP
      BCUT2D_MRHI     0.031974
         fr_ether     0.030354
     MorganFP_314     0.026523
       SlogP_VSA2     0.025965
fr_ketone_Topliss     0.024426
       SlogP_VSA1     0.024303
       SlogP_VSA5     0.020078
   BCUT2D_LOGPLOW     0.019872
MaxAbsEStateIndex     0.019716
   MaxEStateIndex     0.019561
     MorganFP_807     0.019360
         SMR_VSA6     0.019321
        fr_ketone     0.019047
    NumAmideBonds     0.018507
      fr_bicyclic     0.018359

--- stderr ---
WARNING: Target directory /home/node/work/projects/qm9_v1/Iteration0/experiment_output/.pip_overrides/scipy already exists. Specify --upgrade to force replacement.
WARNING: Target directory /home/node/work/projects/qm9_v1/Iteration0/experiment_output/.pip_overrides/pandas-3.0.6.dist-info already exists. Specify --upgrade to force replacement.
WARNING: Target directory /home/node/work/projects/qm9_v1/Iteration0/experiment_output/.pip_overrides/scipy-1.18.1.dist-info already exists. Specify --upgrade to force replacement.
WARNING: Target directory /home/node/work/projects/qm9_v1/Iteration0/experiment_output/.pip_overrides/llvmlite already exists. Specify --upgrade to force replacement.
WARNING: Target directory /home/node/work/projects/qm9_v1/Iteration0/experiment_output/.pip_overrides/scikit_learn.libs already exists. Specify --upgrade to force replacement.
WARNING: Target directory /home/node/work/projects/qm9_v1/Iteration0/experiment_output/.pip_overrides/llvmlite-0.49.0.dist-info already exists. Specify --upgrade to force replacement.
WARNING: Target directory /home/node/work/projects/qm9_v1/Iteration0/experiment_output/.pip_overrides/pandas already exists. Specify --upgrade to force replacement.
WARNING: Target directory /home/node/work/projects/qm9_v1/Iteration0/experiment_output/.pip_overrides/numpy already exists. Specify --upgrade to force replacement.
WARNING: Target directory /home/node/work/projects/qm9_v1/Iteration0/experiment_output/.pip_overrides/numpy.libs already exists. Specify --upgrade to force replacement.
WARNING: Target directory /home/node/work/projects/qm9_v1/Iteration0/experiment_output/.pip_overrides/narwhals-2.26.0.dist-info already exists. Specify --upgrade to force replacement.
WARNING: Target directory /home/node/work/projects/qm9_v1/Iteration0/experiment_output/.pip_overrides/packaging already exists. Specify --upgrade to force replacement.
WARNING: Target directory /home/node/work/projects/qm9_v1/Iteration0/experiment_output/.pip_overrides/python_dateutil-2.9.0.post0.dist-info already exists. Specify --upgrade to force replacement.
WARNING: Target directory /home/node/work/projects/qm9_v1/Iteration0/experiment_output/.pip_overrides/six.py already exists. Specify --upgrade to force replacement.
WARNING: Target directory /home/node/work/projects/qm9_v1/Iteration0/experiment_output/.pip_overrides/numpy-2.5.3.dist-info already exists. Specify --upgrade to force replacement.
WARNING: Target directory /home/node/work/projects/qm9_v1/Iteration0/experiment_output/.pip_overrides/shap-0.52.0.dist-info already exists. Specify --upgrade to force replacement.
WARNING: Target directory /home/node/work/projects/qm9_v1/Iteration0/experiment_output/.pip_overrides/cloudpickle already exists. Specify --upgrade to force replacement.
WARNING: Target directory /home/node/work/projects/qm9_v1/Iteration0/experiment_output/.pip_overrides/sklearn already exists. Specify --upgrade to force replacement.
WARNING: Target directory /home/node/work/projects/qm9_v1/Iteration0/experiment_output/.pip_overrides/scikit_learn-1.9.1.dist-info already exists. Specify --upgrade to force replacement.
WARNING: Target directory /home/node/work/projects/qm9_v1/Iteration0/experiment_output/.pip_overrides/joblib already exists. Specify --upgrade to force replacement.
WARNING: Target directory /home/node/work/projects/qm9_v1/Iteration0/experiment_output/.pip_overrides/threadpoolctl.py already exists. Specify --upgrade to force replacement.
WARNING: Target directory /home/node/work/projects/qm9_v1/Iteration0/experiment_output/.pip_overrides/tqdm already exists. Specify --upgrade to force replacement.
WARNING: Target directory /home/node/work/projects/qm9_v1/Iteration0/experiment_output/.pip_overrides/cloudpickle-3.1.2.dist-info already exists. Specify --upgrade to force replacement.
WARNING: Target directory /home/node/work/projects/qm9_v1/Iteration0/experiment_output/.pip_overrides/packaging-26.3.dist-info already exists. Specify --upgrade to force replacement.
WARNING: Target directory /home/node/work/projects/qm9_v1/Iteration0/experiment_output/.pip_overrides/joblib-1.6.0.dist-info already exists. Specify --upgrade to force replacement.
WARNING: Target directory /home/node/work/projects/qm9_v1/Iteration0/experiment_output/.pip_overrides/tqdm-4.70.1.dist-info already exists. Specify --upgrade to force replacement.
WARNING: Target directory /home/node/work/projects/qm9_v1/Iteration0/experiment_output/.pip_overrides/narwhals already exists. Specify --upgrade to force replacement.
WARNING: Target directory /home/node/work/projects/qm9_v1/Iteration0/experiment_output/.pip_overrides/scipy.libs already exists. Specify --upgrade to force replacement.
WARNING: Target directory /home/node/work/projects/qm9_v1/Iteration0/experiment_output/.pip_overrides/threadpoolctl-3.7.0.dist-info already exists. Specify --upgrade to force replacement.
WARNING: Target directory /home/node/work/projects/qm9_v1/Iteration0/experiment_output/.pip_overrides/__pycache__ already exists. Specify --upgrade to force replacement.
WARNING: Target directory /home/node/work/projects/qm9_v1/Iteration0/experiment_output/.pip_overrides/six-1.17.0.dist-info already exists. Specify --upgrade to force replacement.
WARNING: Target directory /home/node/work/projects/qm9_v1/Iteration0/experiment_output/.pip_overrides/slicer-0.0.8.dist-info already exists. Specify --upgrade to force replacement.
WARNING: Target directory /home/node/work/projects/qm9_v1/Iteration0/experiment_output/.pip_overrides/slicer already exists. Specify --upgrade to force replacement.
WARNING: Target directory /home/node/work/projects/qm9_v1/Iteration0/experiment_output/.pip_overrides/numba already exists. Specify --upgrade to force replacement.
WARNING: Target directory /home/node/work/projects/qm9_v1/Iteration0/experiment_output/.pip_overrides/dateutil already exists. Specify --upgrade to force replacement.
WARNING: Target directory /home/node/work/projects/qm9_v1/Iteration0/experiment_output/.pip_overrides/numba-0.67.0.dist-info already exists. Specify --upgrade to force replacement.
WARNING: Target directory /home/node/work/projects/qm9_v1/Iteration0/experiment_output/.pip_overrides/shap already exists. Specify --upgrade to force replacement.
WARNING: Target directory /home/node/work/projects/qm9_v1/Iteration0/experiment_output/.pip_overrides/bin already exists. Specify --upgrade to force replacement.

