# returncode=1 timed_out=False elapsed=7.3545s
--- stdout ---
rdkit not found, installing locally to .pip_overrides...
Loading test set data...
Processing 13381 SMILES to dense graphs...
Using device: cuda
Loading trained GNN model...
Computing Integrated Gradients...
Aggregating attributions by molecular motifs...

Processed 13381 molecules for attribution.
Top Motifs by Average Normalized Attribution:
  Aromatic_Ring: 2.4115
  Aliphatic_Ring: 0.5612
  Tertiary_Amine: 0.3083
  Secondary_Amine: 0.3002
  Ether: 0.2499

Performing statistical validation...

Statistical Validation Results:
          Motif Property  Group0_Size  Group1_Size  Group0_Mean  Group1_Mean  Levene_p      Test_Used  Statistic  p_value  p_value_adj
  Aromatic_Ring      gap        12704          677       0.2550       0.1836    0.0000 Kruskal-Wallis  1360.6790   0.0000       0.0000
  Aromatic_Ring       mu        12704          677       2.6759       3.3955    0.0000 Kruskal-Wallis   111.2114   0.0000       0.0000
 Aliphatic_Ring      gap        11755         1626       0.2474       0.2801    0.3457          ANOVA   719.3654   0.0000       0.0000
 Aliphatic_Ring       mu        11755         1626       2.7973       2.0977    0.0000 Kruskal-Wallis   323.0443   0.0000       0.0000
 Tertiary_Amine      gap        11368         2013       0.2512       0.2522    0.0000 Kruskal-Wallis     1.2131   0.2707       0.3008
 Tertiary_Amine       mu        11368         2013       2.7151       2.6965    0.0000 Kruskal-Wallis     0.5924   0.4415       0.4415
Secondary_Amine      gap        11008         2373       0.2530       0.2435    0.0000 Kruskal-Wallis    75.4112   0.0000       0.0000
Secondary_Amine       mu        11008         2373       2.6062       3.2044    0.0862          ANOVA   316.9066   0.0000       0.0000
          Ether      gap         7558         5823       0.2394       0.2668    0.0000 Kruskal-Wallis  1144.6253   0.0000       0.0000
          Ether       mu         7558         5823       2.8695       2.5082    0.0000 Kruskal-Wallis   148.2890   0.0000       0.0000

saved data/motif_statistics.csv columns: ['Motif', 'Property', 'Group0_Size', 'Group1_Size', 'Group0_Mean', 'Group1_Mean', 'Levene_p', 'Test_Used', 'Statistic', 'p_value', 'p_value_adj']

Generating boxplots...

--- stderr ---
WARNING: Target directory /home/node/work/projects/qm9_v1/Iteration0/experiment_output/.pip_overrides/rdkit.libs already exists. Specify --upgrade to force replacement.
WARNING: Target directory /home/node/work/projects/qm9_v1/Iteration0/experiment_output/.pip_overrides/PIL already exists. Specify --upgrade to force replacement.
WARNING: Target directory /home/node/work/projects/qm9_v1/Iteration0/experiment_output/.pip_overrides/numpy already exists. Specify --upgrade to force replacement.
WARNING: Target directory /home/node/work/projects/qm9_v1/Iteration0/experiment_output/.pip_overrides/pillow-12.3.0.dist-info already exists. Specify --upgrade to force replacement.
WARNING: Target directory /home/node/work/projects/qm9_v1/Iteration0/experiment_output/.pip_overrides/rdkit-stubs already exists. Specify --upgrade to force replacement.
WARNING: Target directory /home/node/work/projects/qm9_v1/Iteration0/experiment_output/.pip_overrides/numpy.libs already exists. Specify --upgrade to force replacement.
WARNING: Target directory /home/node/work/projects/qm9_v1/Iteration0/experiment_output/.pip_overrides/pillow.libs already exists. Specify --upgrade to force replacement.
WARNING: Target directory /home/node/work/projects/qm9_v1/Iteration0/experiment_output/.pip_overrides/numpy-2.5.3.dist-info already exists. Specify --upgrade to force replacement.
WARNING: Target directory /home/node/work/projects/qm9_v1/Iteration0/experiment_output/.pip_overrides/rdkit-2026.3.6.dist-info already exists. Specify --upgrade to force replacement.
WARNING: Target directory /home/node/work/projects/qm9_v1/Iteration0/experiment_output/.pip_overrides/rdkit already exists. Specify --upgrade to force replacement.
WARNING: Target directory /home/node/work/projects/qm9_v1/Iteration0/experiment_output/.pip_overrides/bin already exists. Specify --upgrade to force replacement.
Traceback (most recent call last):
  File "/home/node/work/projects/qm9_v1/Iteration0/experiment_output/codebase/step_7.py", line 286, in <module>
    ax.boxplot([group0, group1], labels=['False', 'True'])
  File "/opt/denario-venv/lib/python3.12/site-packages/matplotlib/_api/deprecation.py", line 477, in wrapper
    return func(*args, **kwargs)
           ^^^^^^^^^^^^^^^^^^^^^
  File "/opt/denario-venv/lib/python3.12/site-packages/matplotlib/__init__.py", line 1531, in inner
    return func(
           ^^^^^
TypeError: Axes.boxplot() got an unexpected keyword argument 'labels'

