# returncode=0 timed_out=False elapsed=288.0483s
--- stdout ---
rdkit not found, installing locally to .pip_overrides...
Loading standardized residuals data...
Processing SMILES to dense graphs...
CUDA memory: 94.46 GB free / 101.97 GB total
Using GPU.
GNN Model Parameters: 313094

Training GNN...
Epoch 001 | Train MSE: 0.5699 | Val MSE: 0.2265
Epoch 005 | Train MSE: 0.0601 | Val MSE: 0.0474
Epoch 010 | Train MSE: 0.0409 | Val MSE: 0.0244
Epoch 015 | Train MSE: 0.0173 | Val MSE: 0.0162
Epoch 020 | Train MSE: 0.0105 | Val MSE: 0.0073
Epoch 025 | Train MSE: 0.0147 | Val MSE: 0.0081
Epoch 030 | Train MSE: 0.0098 | Val MSE: 0.0071
Epoch 035 | Train MSE: 0.0039 | Val MSE: 0.0040
Epoch 040 | Train MSE: 0.0041 | Val MSE: 0.0047
Epoch 045 | Train MSE: 0.0025 | Val MSE: 0.0023
Epoch 050 | Train MSE: 0.0022 | Val MSE: 0.0020
Epoch 055 | Train MSE: 0.0020 | Val MSE: 0.0024
Epoch 060 | Train MSE: 0.0019 | Val MSE: 0.0018
Epoch 065 | Train MSE: 0.0021 | Val MSE: 0.0020
Epoch 070 | Train MSE: 0.0015 | Val MSE: 0.0016
Epoch 075 | Train MSE: 0.0014 | Val MSE: 0.0015
Epoch 080 | Train MSE: 0.0013 | Val MSE: 0.0015
Epoch 085 | Train MSE: 0.0014 | Val MSE: 0.0017
Epoch 090 | Train MSE: 0.0012 | Val MSE: 0.0017
Epoch 095 | Train MSE: 0.0009 | Val MSE: 0.0013
Epoch 100 | Train MSE: 0.0007 | Val MSE: 0.0013
Epoch 105 | Train MSE: 0.0006 | Val MSE: 0.0013
Epoch 110 | Train MSE: 0.0006 | Val MSE: 0.0012
Epoch 115 | Train MSE: 0.0006 | Val MSE: 0.0012
Epoch 120 | Train MSE: 0.0006 | Val MSE: 0.0012
Epoch 125 | Train MSE: 0.0005 | Val MSE: 0.0012
Epoch 130 | Train MSE: 0.0005 | Val MSE: 0.0012
Epoch 135 | Train MSE: 0.0005 | Val MSE: 0.0012
Epoch 140 | Train MSE: 0.0005 | Val MSE: 0.0012
Epoch 145 | Train MSE: 0.0005 | Val MSE: 0.0012
Epoch 150 | Train MSE: 0.0005 | Val MSE: 0.0012
Epoch 155 | Train MSE: 0.0005 | Val MSE: 0.0012
Epoch 160 | Train MSE: 0.0005 | Val MSE: 0.0012
Epoch 165 | Train MSE: 0.0005 | Val MSE: 0.0012
Epoch 170 | Train MSE: 0.0005 | Val MSE: 0.0012
Epoch 175 | Train MSE: 0.0005 | Val MSE: 0.0012
Early stopping triggered at epoch 178.

Evaluating best model...

Final GNN Performance (Standardized Residuals):
  Train - MSE: 0.0005, R2: 0.9995
  Val   - MSE: 0.0012, R2: 0.9988
  Test  - MSE: 0.0014, R2: 0.9985

saved data/gnn_metrics.txt
saved data/gnn_test_predictions.csv columns: ['smiles', 'u0', 'u0_pred', 'residual', 'std_residual', 'split', 'gnn_pred']
saved data/gnn_model.pt

--- stderr ---
WARNING: Target directory /home/node/work/projects/qm9_v1/Iteration0/experiment_output/.pip_overrides/rdkit.libs already exists. Specify --upgrade to force replacement.
WARNING: Target directory /home/node/work/projects/qm9_v1/Iteration0/experiment_output/.pip_overrides/PIL already exists. Specify --upgrade to force replacement.
WARNING: Target directory /home/node/work/projects/qm9_v1/Iteration0/experiment_output/.pip_overrides/numpy already exists. Specify --upgrade to force replacement.
WARNING: Target directory /home/node/work/projects/qm9_v1/Iteration0/experiment_output/.pip_overrides/pillow-12.3.0.dist-info already exists. Specify --upgrade to force replacement.
WARNING: Target directory /home/node/work/projects/qm9_v1/Iteration0/experiment_output/.pip_overrides/rdkit-stubs already exists. Specify --upgrade to force replacement.
WARNING: Target directory /home/node/work/projects/qm9_v1/Iteration0/experiment_output/.pip_overrides/numpy.libs already exists. Specify --upgrade to force replacement.
WARNING: Target directory /home/node/work/projects/qm9_v1/Iteration0/experiment_output/.pip_overrides/pillow.libs already exists. Specify --upgrade to force replacement.
WARNING: Target directory /home/node/work/projects/qm9_v1/Iteration0/experiment_output/.pip_overrides/numpy-2.5.3.dist-info already exists. Specify --upgrade to force replacement.
WARNING: Target directory /home/node/work/projects/qm9_v1/Iteration0/experiment_output/.pip_overrides/rdkit-2026.3.6.dist-info already exists. Specify --upgrade to force replacement.
WARNING: Target directory /home/node/work/projects/qm9_v1/Iteration0/experiment_output/.pip_overrides/rdkit already exists. Specify --upgrade to force replacement.
WARNING: Target directory /home/node/work/projects/qm9_v1/Iteration0/experiment_output/.pip_overrides/bin already exists. Specify --upgrade to force replacement.

