# returncode=0 timed_out=False elapsed=3.3867s
--- stdout ---
Loading data...
Sample sizes - Train: 107041, Val: 13380, Test: 13381

Training Random Forest Regressor on standardized residuals...

Evaluating model...
Random Forest Performance (Standardized Residuals):
  Train - MSE: 0.0082, R2: 0.9918
  Val - MSE: 0.0272, R2: 0.9716
  Test - MSE: 0.0209, R2: 0.9779

Top 10 important features for predicting non-additive residuals:
double_bonds       0.252446
aromatic_bonds     0.133801
single_bonds       0.086110
fr_Ar_N            0.053283
fr_C_O_noCOO       0.050913
fr_C_O             0.047170
fr_allylic_oxid    0.037396
fr_Imine           0.025837
fr_oxazole         0.025126
fr_Ar_OH           0.020719

saved data/rf_baseline.pkl
saved data/rf_baseline_predictions.csv columns: ['smiles', 'std_residual_true', 'std_residual_pred', 'split']
saved data/rf_baseline_metrics.txt

--- stderr ---

