# returncode=0 timed_out=False elapsed=49.2694s
--- stdout ---
rdkit not found, installing locally to .pip_overrides...
Loading test set data...
Processing 13381 SMILES to dense graphs...
Using device: cuda
Loading trained GNN model...
Extracting latent representations...
Extracted latent vectors shape: (13381, 128)

Latent Space Summary Statistics:
  Mean: -0.2883
  Std:  2.7265
  Min:  -10.4061
  Max:  8.2127

Performing t-SNE dimensionality reduction...
t-SNE embeddings shape: (13381, 2)

t-SNE Embeddings Summary Statistics:
  Dim 1 - Mean: -1.0139, Std: 47.2278
  Dim 2 - Mean: -0.5597, Std: 45.7591

Merging intensive properties for downstream analysis...

saved data/gnn_test_latents.npz keys: ['latents', 'smiles']
saved data/gnn_test_latent_embeddings.csv columns: ['smiles', 'u0', 'u0_pred', 'residual', 'std_residual', 'split', 'gnn_pred', 'gap', 'mu', 'homo', 'lumo', 'tsne_1', 'tsne_2']

--- stderr ---
WARNING: Target directory /home/node/work/projects/qm9_v1/Iteration0/experiment_output/.pip_overrides/rdkit.libs already exists. Specify --upgrade to force replacement.
WARNING: Target directory /home/node/work/projects/qm9_v1/Iteration0/experiment_output/.pip_overrides/PIL already exists. Specify --upgrade to force replacement.
WARNING: Target directory /home/node/work/projects/qm9_v1/Iteration0/experiment_output/.pip_overrides/numpy already exists. Specify --upgrade to force replacement.
WARNING: Target directory /home/node/work/projects/qm9_v1/Iteration0/experiment_output/.pip_overrides/pillow-12.3.0.dist-info already exists. Specify --upgrade to force replacement.
WARNING: Target directory /home/node/work/projects/qm9_v1/Iteration0/experiment_output/.pip_overrides/rdkit-stubs already exists. Specify --upgrade to force replacement.
WARNING: Target directory /home/node/work/projects/qm9_v1/Iteration0/experiment_output/.pip_overrides/numpy.libs already exists. Specify --upgrade to force replacement.
WARNING: Target directory /home/node/work/projects/qm9_v1/Iteration0/experiment_output/.pip_overrides/pillow.libs already exists. Specify --upgrade to force replacement.
WARNING: Target directory /home/node/work/projects/qm9_v1/Iteration0/experiment_output/.pip_overrides/numpy-2.5.3.dist-info already exists. Specify --upgrade to force replacement.
WARNING: Target directory /home/node/work/projects/qm9_v1/Iteration0/experiment_output/.pip_overrides/rdkit-2026.3.6.dist-info already exists. Specify --upgrade to force replacement.
WARNING: Target directory /home/node/work/projects/qm9_v1/Iteration0/experiment_output/.pip_overrides/rdkit already exists. Specify --upgrade to force replacement.
WARNING: Target directory /home/node/work/projects/qm9_v1/Iteration0/experiment_output/.pip_overrides/bin already exists. Specify --upgrade to force replacement.

